// Jest Snapshot v1, https://goo.gl/fbAQLP

exports[`defaults 1`] = `
Chart {
  "manifestFile": "test.k8s.yaml",
  "namespace": undefined,
  Symbol(@aws-cdk/core.DependableTrait): Object {
    "dependencyRoots": Array [
      [Circular],
    ],
  },
}
`;

exports[`no slave replicas will deploy only the master 1`] = `
Array [
  Object {
    "apiVersion": "v1",
    "kind": "Service",
    "metadata": Object {
      "labels": Object {
        "app": "testredismaster73F27A6F",
        "role": "master",
      },
      "name": "test-redis-master-service-54ad70b8",
    },
    "spec": Object {
      "ports": Array [
        Object {
          "port": 6379,
          "targetPort": 6379,
        },
      ],
      "selector": Object {
        "app": "testredismaster73F27A6F",
        "role": "master",
      },
      "type": "ClusterIP",
    },
  },
  Object {
    "apiVersion": "apps/v1",
    "kind": "Deployment",
    "metadata": Object {
      "name": "test-redis-master-deployment-f9f616d4",
    },
    "spec": Object {
      "replicas": 1,
      "selector": Object {
        "matchLabels": Object {
          "app": "testredismaster73F27A6F",
          "role": "master",
        },
      },
      "template": Object {
        "metadata": Object {
          "labels": Object {
            "app": "testredismaster73F27A6F",
            "role": "master",
          },
        },
        "spec": Object {
          "containers": Array [
            Object {
              "env": Array [
                Object {
                  "name": "GET_HOSTS_FROM",
                  "value": "dns",
                },
              ],
              "image": "k8s.gcr.io/redis:e2e",
              "name": "master",
              "ports": Array [
                Object {
                  "containerPort": 6379,
                },
              ],
              "resources": Object {
                "requests": Object {
                  "cpu": "100m",
                  "memory": "100Mi",
                },
              },
            },
          ],
        },
      },
    },
  },
]
`;
